[1] "/Volumes/Data/cloud/gdrive/work/rspd/code/my/git/rrnaseq/test/rpkmforgenes/refseq_rpkms.tab"
[1]  3 19
Warning messages:
1: In dir.create(res.dir, recursive = TRUE) :
  '/Volumes/Data/cloud/gdrive/work/rspd/code/my/git/rrnaseq/test/rqc/pdf/seq_mapping' already exists
2: In max(i) : no non-missing arguments to max; returning -Inf
3: In max(i) : no non-missing arguments to max; returning -Inf
null device 
          1 
[1] 24249
[1] 6457
Warning message:
In max(i) : no non-missing arguments to max; returning -Inf
KernSmooth 2.23 loaded
Copyright M. P. Wand 1997-2009

Attaching package: ‘gplots’

The following object is masked from ‘package:stats’:

    lowess

Warning message:
In if (is.na(cor.res.list)) { :
  the condition has length > 1 and only the first element will be used
Warning messages:
1: In if (is.na(cor.res.list)) { :
  the condition has length > 1 and only the first element will be used
2: In max(i) : no non-missing arguments to max; returning -Inf
Loading required package: impute
Loading required package: dynamicTreeCut
Package moduleColor, version 1.08 revision date Jun 11, 2008 
  Active module eigengene name prefix: ME 
Warning message:
In if (is.na(cor.res.list)) { :
  the condition has length > 1 and only the first element will be used
Bootstrap (r = 0.5)... Done.
Bootstrap (r = 0.6)... Done.
Bootstrap (r = 0.7)... Done.
Bootstrap (r = 0.8)... Done.
Bootstrap (r = 0.9)... Done.
Bootstrap (r = 1.0)... Done.
Bootstrap (r = 1.1)... Done.
Bootstrap (r = 1.2)... Done.
Bootstrap (r = 1.3)... Done.
Bootstrap (r = 1.4)... Done.
KernSmooth 2.23 loaded
Copyright M. P. Wand 1997-2009
null device 
          1 
Warning message:
In if (is.na(samples)) { :
  the condition has length > 1 and only the first element will be used
[1] 3
[1] 3
Warning message:
In if (filter.cols == "all") { :
  the condition has length > 1 and only the first element will be used
[1] 3
[1] 3
Warning message:
In if (filter.cols == "all") { :
  the condition has length > 1 and only the first element will be used
[1] 24249
[1] 6457
[1] 24249
[1] 6786
[1] 92  3
[1] 3
[1] 3
[1] 3
[1] 3
KernSmooth 2.23 loaded
Copyright M. P. Wand 1997-2009
null device 
          1 
[1] 92  3
[1] 3
[1] 3
[1] 3
[1] 3
KernSmooth 2.23 loaded
Copyright M. P. Wand 1997-2009
null device 
          1 
Loading required package: GenomicRanges
Loading required package: methods
Loading required package: BiocGenerics
Loading required package: parallel

Attaching package: ‘BiocGenerics’

The following objects are masked from ‘package:parallel’:

    clusterApply, clusterApplyLB, clusterCall, clusterEvalQ,
    clusterExport, clusterMap, parApply, parCapply, parLapply,
    parLapplyLB, parRapply, parSapply, parSapplyLB

The following object is masked from ‘package:stats’:

    xtabs

The following objects are masked from ‘package:base’:

    anyDuplicated, append, as.data.frame, as.vector, cbind, colnames,
    duplicated, eval, evalq, Filter, Find, get, intersect, is.unsorted,
    lapply, Map, mapply, match, mget, order, paste, pmax, pmax.int,
    pmin, pmin.int, Position, rank, rbind, Reduce, rep.int, rownames,
    sapply, setdiff, sort, table, tapply, union, unique, unlist

Loading required package: IRanges
Loading required package: XVector
Loading required package: Rcpp
Loading required package: RcppArmadillo
 expl.var 
0.3557722 
[1] "nostrat"
[1] 0
KernSmooth 2.23 loaded
Copyright M. P. Wand 1997-2009
